[
  {
    "epoch": 1,
    "train_loss": 0.31011228028187005,
    "rmse": 26.304841995239258,
    "mae": 20.41431999206543,
    "r2": -0.08233428001403809
  },
  {
    "epoch": 2,
    "train_loss": 0.27195315251839325,
    "rmse": 31.055248260498047,
    "mae": 24.406362533569336,
    "r2": -0.5085511207580566
  },
  {
    "epoch": 3,
    "train_loss": 0.2666413126712693,
    "rmse": 26.43033790588379,
    "mae": 21.25714683532715,
    "r2": -0.09268629550933838
  },
  {
    "epoch": 4,
    "train_loss": 0.26424466880945385,
    "rmse": 26.15707778930664,
    "mae": 21.10447883605957,
    "r2": -0.07020878791809082
  },
  {
    "epoch": 5,
    "train_loss": 0.2624910307692386,
    "rmse": 26.08136558532715,
    "mae": 20.82303810119629,
    "r2": -0.06402230262756348
  },
  {
    "epoch": 6,
    "train_loss": 0.2609663443802963,
    "rmse": 26.077241897583008,
    "mae": 20.617414474487305,
    "r2": -0.06368577480316162
  },
  {
    "epoch": 7,
    "train_loss": 0.2597470882911897,
    "rmse": 25.823440551757812,
    "mae": 20.08286476135254,
    "r2": -0.04308152198791504
  },
  {
    "epoch": 8,
    "train_loss": 0.2586346966950285,
    "rmse": 25.61850357055664,
    "mae": 19.725086212158203,
    "r2": -0.026591181755065918
  },
  {
    "epoch": 9,
    "train_loss": 0.2570703076127167,
    "rmse": 25.28129768371582,
    "mae": 19.488191604614258,
    "r2": 0.0002562403678894043
  },
  {
    "epoch": 10,
    "train_loss": 0.25646582760462316,
    "rmse": 25.177865982055664,
    "mae": 19.324472427368164,
    "r2": 0.008419811725616455
  },
  {
    "epoch": 11,
    "train_loss": 0.25514818006183204,
    "rmse": 25.273099899291992,
    "mae": 19.05869483947754,
    "r2": 0.0009044408798217773
  },
  {
    "epoch": 12,
    "train_loss": 0.25423447589384734,
    "rmse": 25.329124450683594,
    "mae": 19.551128387451172,
    "r2": -0.003530144691467285
  },
  {
    "epoch": 13,
    "train_loss": 0.25295860017900185,
    "rmse": 25.205968856811523,
    "mae": 19.285703659057617,
    "r2": 0.006204962730407715
  },
  {
    "epoch": 14,
    "train_loss": 0.2518197299728501,
    "rmse": 25.205795288085938,
    "mae": 19.28614044189453,
    "r2": 0.006218612194061279
  },
  {
    "epoch": 15,
    "train_loss": 0.25035985994986765,
    "rmse": 25.120710372924805,
    "mae": 18.998586654663086,
    "r2": 0.0129166841506958
  },
  {
    "epoch": 16,
    "train_loss": 0.2488215739986131,
    "rmse": 25.08375358581543,
    "mae": 18.928647994995117,
    "r2": 0.015818774700164795
  },
  {
    "epoch": 17,
    "train_loss": 0.24734580621535326,
    "rmse": 25.15193748474121,
    "mae": 18.999357223510742,
    "r2": 0.010460972785949707
  },
  {
    "epoch": 18,
    "train_loss": 0.24549309336244143,
    "rmse": 25.16534996032715,
    "mae": 19.170040130615234,
    "r2": 0.009405374526977539
  },
  {
    "epoch": 19,
    "train_loss": 0.2439628663318803,
    "rmse": 25.089017868041992,
    "mae": 18.802980422973633,
    "r2": 0.015405595302581787
  },
  {
    "epoch": 20,
    "train_loss": 0.24164624970179305,
    "rmse": 25.077253341674805,
    "mae": 18.739490509033203,
    "r2": 0.016328752040863037
  },
  {
    "epoch": 21,
    "train_loss": 0.23927507345424942,
    "rmse": 25.10144805908203,
    "mae": 19.017526626586914,
    "r2": 0.014429807662963867
  },
  {
    "epoch": 22,
    "train_loss": 0.23710675440877446,
    "rmse": 25.039796829223633,
    "mae": 18.757619857788086,
    "r2": 0.019265055656433105
  },
  {
    "epoch": 23,
    "train_loss": 0.23482658733416842,
    "rmse": 25.050378799438477,
    "mae": 18.799928665161133,
    "r2": 0.018436014652252197
  },
  {
    "epoch": 24,
    "train_loss": 0.2322399378284484,
    "rmse": 25.074600219726562,
    "mae": 18.869831085205078,
    "r2": 0.016537010669708252
  },
  {
    "epoch": 25,
    "train_loss": 0.22943127147292577,
    "rmse": 25.08155059814453,
    "mae": 18.65623664855957,
    "r2": 0.015991628170013428
  },
  {
    "epoch": 26,
    "train_loss": 0.2272385297656914,
    "rmse": 25.079856872558594,
    "mae": 18.75299072265625,
    "r2": 0.016124427318572998
  },
  {
    "epoch": 27,
    "train_loss": 0.22467974327596194,
    "rmse": 25.059772491455078,
    "mae": 18.682294845581055,
    "r2": 0.017699718475341797
  },
  {
    "epoch": 28,
    "train_loss": 0.2218959461153698,
    "rmse": 25.018678665161133,
    "mae": 18.66530418395996,
    "r2": 0.020918726921081543
  },
  {
    "epoch": 29,
    "train_loss": 0.21898883944439296,
    "rmse": 25.091581344604492,
    "mae": 18.77527618408203,
    "r2": 0.015204429626464844
  },
  {
    "epoch": 30,
    "train_loss": 0.2165728077631972,
    "rmse": 25.075231552124023,
    "mae": 18.771831512451172,
    "r2": 0.01648736000061035
  },
  {
    "epoch": 31,
    "train_loss": 0.21437209145215097,
    "rmse": 25.03052520751953,
    "mae": 18.597684860229492,
    "r2": 0.019991278648376465
  },
  {
    "epoch": 32,
    "train_loss": 0.21139589366367154,
    "rmse": 25.02309799194336,
    "mae": 18.547752380371094,
    "r2": 0.02057284116744995
  },
  {
    "epoch": 33,
    "train_loss": 0.20971595199709053,
    "rmse": 25.015911102294922,
    "mae": 18.588787078857422,
    "r2": 0.021135270595550537
  },
  {
    "epoch": 34,
    "train_loss": 0.20627798962836472,
    "rmse": 25.108501434326172,
    "mae": 18.84968376159668,
    "r2": 0.013875842094421387
  },
  {
    "epoch": 35,
    "train_loss": 0.20492173624508697,
    "rmse": 25.085798263549805,
    "mae": 18.88530158996582,
    "r2": 0.015658259391784668
  },
  {
    "epoch": 36,
    "train_loss": 0.20265029904018197,
    "rmse": 25.030441284179688,
    "mae": 18.52681541442871,
    "r2": 0.019997894763946533
  },
  {
    "epoch": 37,
    "train_loss": 0.1996942425611168,
    "rmse": 25.114171981811523,
    "mae": 18.803512573242188,
    "r2": 0.013430356979370117
  },
  {
    "epoch": 38,
    "train_loss": 0.19789232915439975,
    "rmse": 25.07066535949707,
    "mae": 18.844322204589844,
    "r2": 0.01684558391571045
  },
  {
    "epoch": 39,
    "train_loss": 0.19612960162330792,
    "rmse": 25.21524429321289,
    "mae": 18.23871421813965,
    "r2": 0.005473434925079346
  },
  {
    "epoch": 40,
    "train_loss": 0.1935584594014435,
    "rmse": 25.077117919921875,
    "mae": 18.44798469543457,
    "r2": 0.016339421272277832
  },
  {
    "epoch": 41,
    "train_loss": 0.19159561142905274,
    "rmse": 25.092975616455078,
    "mae": 18.35778045654297,
    "r2": 0.015094935894012451
  },
  {
    "epoch": 42,
    "train_loss": 0.1894934220373997,
    "rmse": 25.081321716308594,
    "mae": 18.55609703063965,
    "r2": 0.016009628772735596
  },
  {
    "epoch": 43,
    "train_loss": 0.18747224465214743,
    "rmse": 25.14728546142578,
    "mae": 18.705612182617188,
    "r2": 0.010827124118804932
  },
  {
    "epoch": 44,
    "train_loss": 0.1856312638323199,
    "rmse": 25.077678680419922,
    "mae": 18.431608200073242,
    "r2": 0.016295433044433594
  },
  {
    "epoch": 45,
    "train_loss": 0.1838386514855008,
    "rmse": 25.09033203125,
    "mae": 18.410730361938477,
    "r2": 0.015302419662475586
  },
  {
    "epoch": 46,
    "train_loss": 0.18141481714657925,
    "rmse": 25.121353149414062,
    "mae": 18.676294326782227,
    "r2": 0.01286613941192627
  },
  {
    "epoch": 47,
    "train_loss": 0.17980881127458748,
    "rmse": 25.19577980041504,
    "mae": 18.64961051940918,
    "r2": 0.00700831413269043
  },
  {
    "epoch": 48,
    "train_loss": 0.17743557780939098,
    "rmse": 25.16427993774414,
    "mae": 18.69300079345703,
    "r2": 0.009489595890045166
  },
  {
    "epoch": 49,
    "train_loss": 0.17601828794989352,
    "rmse": 25.189197540283203,
    "mae": 18.75569725036621,
    "r2": 0.00752711296081543
  },
  {
    "epoch": 50,
    "train_loss": 0.1745879376880325,
    "rmse": 25.171693801879883,
    "mae": 18.596540451049805,
    "r2": 0.008905887603759766
  },
  {
    "epoch": 51,
    "train_loss": 0.17239739872034518,
    "rmse": 25.290197372436523,
    "mae": 18.667116165161133,
    "r2": -0.0004477500915527344
  },
  {
    "epoch": 52,
    "train_loss": 0.17130016311678867,
    "rmse": 25.36027717590332,
    "mae": 18.768247604370117,
    "r2": -0.006000161170959473
  },
  {
    "epoch": 53,
    "train_loss": 0.1692169232497109,
    "rmse": 25.324220657348633,
    "mae": 18.736343383789062,
    "r2": -0.0031415224075317383
  },
  {
    "epoch": 54,
    "train_loss": 0.1679989804761247,
    "rmse": 25.20368003845215,
    "mae": 18.531009674072266,
    "r2": 0.006385385990142822
  },
  {
    "epoch": 55,
    "train_loss": 0.16613350369520696,
    "rmse": 25.330507278442383,
    "mae": 18.693294525146484,
    "r2": -0.0036395788192749023
  },
  {
    "epoch": 56,
    "train_loss": 0.16498533984921832,
    "rmse": 25.320785522460938,
    "mae": 18.764217376708984,
    "r2": -0.0028694868087768555
  },
  {
    "epoch": 57,
    "train_loss": 0.16327599764272716,
    "rmse": 25.396970748901367,
    "mae": 18.545448303222656,
    "r2": -0.008913397789001465
  },
  {
    "epoch": 58,
    "train_loss": 0.16171961590167014,
    "rmse": 25.469337463378906,
    "mae": 18.757904052734375,
    "r2": -0.0146712064743042
  },
  {
    "epoch": 59,
    "train_loss": 0.16099004304685993,
    "rmse": 25.38237190246582,
    "mae": 18.503890991210938,
    "r2": -0.007753849029541016
  },
  {
    "epoch": 60,
    "train_loss": 0.15842467731964538,
    "rmse": 25.481613159179688,
    "mae": 18.834684371948242,
    "r2": -0.01564955711364746
  },
  {
    "epoch": 61,
    "train_loss": 0.15794059318522277,
    "rmse": 25.53197479248047,
    "mae": 18.55180549621582,
    "r2": -0.019667983055114746
  },
  {
    "epoch": 62,
    "train_loss": 0.15609302512177872,
    "rmse": 25.475507736206055,
    "mae": 18.661582946777344,
    "r2": -0.015162944793701172
  },
  {
    "epoch": 63,
    "train_loss": 0.15480895983927903,
    "rmse": 25.680984497070312,
    "mae": 18.99772071838379,
    "r2": -0.031604886054992676
  },
  {
    "epoch": 64,
    "train_loss": 0.15315995268672475,
    "rmse": 25.586702346801758,
    "mae": 18.65378761291504,
    "r2": -0.024044156074523926
  },
  {
    "epoch": 65,
    "train_loss": 0.151820824091946,
    "rmse": 25.784711837768555,
    "mae": 18.86263084411621,
    "r2": -0.0399550199508667
  },
  {
    "epoch": 66,
    "train_loss": 0.1503282545055265,
    "rmse": 25.771421432495117,
    "mae": 18.796688079833984,
    "r2": -0.038883328437805176
  },
  {
    "epoch": 67,
    "train_loss": 0.14973175945070405,
    "rmse": 25.749340057373047,
    "mae": 18.89569664001465,
    "r2": -0.03710377216339111
  },
  {
    "epoch": 68,
    "train_loss": 0.14806845884997144,
    "rmse": 25.91293716430664,
    "mae": 19.131855010986328,
    "r2": -0.0503239631652832
  },
  {
    "epoch": 69,
    "train_loss": 0.14697123998256292,
    "rmse": 25.760770797729492,
    "mae": 19.217449188232422,
    "r2": -0.03802478313446045
  },
  {
    "epoch": 70,
    "train_loss": 0.14560771884021853,
    "rmse": 25.706764221191406,
    "mae": 18.844837188720703,
    "r2": -0.033676981925964355
  },
  {
    "epoch": 71,
    "train_loss": 0.14408863537181388,
    "rmse": 25.820968627929688,
    "mae": 18.720483779907227,
    "r2": -0.04288184642791748
  },
  {
    "epoch": 72,
    "train_loss": 0.1433184032680832,
    "rmse": 25.875930786132812,
    "mae": 18.68485450744629,
    "r2": -0.04732632637023926
  },
  {
    "epoch": 73,
    "train_loss": 0.14248984384780136,
    "rmse": 26.14168930053711,
    "mae": 19.486326217651367,
    "r2": -0.06894981861114502
  },
  {
    "epoch": 74,
    "train_loss": 0.14119378404231162,
    "rmse": 25.747371673583984,
    "mae": 18.945653915405273,
    "r2": -0.036945223808288574
  },
  {
    "epoch": 75,
    "train_loss": 0.13964835734808073,
    "rmse": 25.81202507019043,
    "mae": 19.045793533325195,
    "r2": -0.042159438133239746
  },
  {
    "epoch": 76,
    "train_loss": 0.13891681065593112,
    "rmse": 26.007064819335938,
    "mae": 18.964675903320312,
    "r2": -0.05796849727630615
  },
  {
    "epoch": 77,
    "train_loss": 0.1375160399009891,
    "rmse": 26.351953506469727,
    "mae": 19.403806686401367,
    "r2": -0.08621466159820557
  },
  {
    "epoch": 78,
    "train_loss": 0.1367789707048827,
    "rmse": 26.32321548461914,
    "mae": 19.332178115844727,
    "r2": -0.0838468074798584
  },
  {
    "epoch": 79,
    "train_loss": 0.1352028452080264,
    "rmse": 26.004072189331055,
    "mae": 19.079320907592773,
    "r2": -0.057724952697753906
  },
  {
    "epoch": 80,
    "train_loss": 0.13443619149121425,
    "rmse": 25.955442428588867,
    "mae": 19.230209350585938,
    "r2": -0.053772568702697754
  },
  {
    "epoch": 81,
    "train_loss": 0.13337252822576337,
    "rmse": 25.849857330322266,
    "mae": 18.95767593383789,
    "r2": -0.04521667957305908
  },
  {
    "epoch": 82,
    "train_loss": 0.1330006123185196,
    "rmse": 25.759082794189453,
    "mae": 18.736051559448242,
    "r2": -0.03788876533508301
  },
  {
    "epoch": 83,
    "train_loss": 0.1316952492442808,
    "rmse": 25.912343978881836,
    "mae": 19.109655380249023,
    "r2": -0.05027592182159424
  },
  {
    "epoch": 84,
    "train_loss": 0.1301078683502602,
    "rmse": 25.818822860717773,
    "mae": 18.939332962036133,
    "r2": -0.042708516120910645
  },
  {
    "epoch": 85,
    "train_loss": 0.12963907616294032,
    "rmse": 26.58161735534668,
    "mae": 19.447900772094727,
    "r2": -0.10523033142089844
  },
  {
    "epoch": 86,
    "train_loss": 0.12849898666145324,
    "rmse": 26.100156784057617,
    "mae": 19.2122745513916,
    "r2": -0.06555593013763428
  },
  {
    "epoch": 87,
    "train_loss": 0.12755273277663873,
    "rmse": 26.209009170532227,
    "mae": 19.392536163330078,
    "r2": -0.0744624137878418
  },
  {
    "epoch": 88,
    "train_loss": 0.12653822963318181,
    "rmse": 25.962434768676758,
    "mae": 19.09494400024414,
    "r2": -0.054340481758117676
  },
  {
    "epoch": 89,
    "train_loss": 0.12578209847330102,
    "rmse": 26.32168197631836,
    "mae": 19.199670791625977,
    "r2": -0.08372044563293457
  },
  {
    "epoch": 90,
    "train_loss": 0.12491778445587944,
    "rmse": 26.016521453857422,
    "mae": 19.203664779663086,
    "r2": -0.058737993240356445
  },
  {
    "epoch": 91,
    "train_loss": 0.1241688786529451,
    "rmse": 26.293743133544922,
    "mae": 19.40259552001953,
    "r2": -0.0814211368560791
  },
  {
    "epoch": 92,
    "train_loss": 0.123129053891594,
    "rmse": 26.68890953063965,
    "mae": 19.736156463623047,
    "r2": -0.11417055130004883
  },
  {
    "epoch": 93,
    "train_loss": 0.12205125386333136,
    "rmse": 25.999387741088867,
    "mae": 19.346054077148438,
    "r2": -0.05734395980834961
  },
  {
    "epoch": 94,
    "train_loss": 0.1214559933121082,
    "rmse": 26.27027702331543,
    "mae": 19.467594146728516,
    "r2": -0.07949185371398926
  },
  {
    "epoch": 95,
    "train_loss": 0.12016003341707308,
    "rmse": 26.5021915435791,
    "mae": 19.753990173339844,
    "r2": -0.09863543510437012
  },
  {
    "epoch": 96,
    "train_loss": 0.1197146181836419,
    "rmse": 25.928613662719727,
    "mae": 19.203947067260742,
    "r2": -0.051595330238342285
  },
  {
    "epoch": 97,
    "train_loss": 0.11868916549021259,
    "rmse": 26.3680362701416,
    "mae": 19.526405334472656,
    "r2": -0.08754098415374756
  },
  {
    "epoch": 98,
    "train_loss": 0.11832778704296883,
    "rmse": 26.865530014038086,
    "mae": 19.960153579711914,
    "r2": -0.1289658546447754
  },
  {
    "epoch": 99,
    "train_loss": 0.11711872453838053,
    "rmse": 26.514463424682617,
    "mae": 19.56304168701172,
    "r2": -0.09965300559997559
  },
  {
    "epoch": 100,
    "train_loss": 0.11652307397425099,
    "rmse": 26.596435546875,
    "mae": 19.769163131713867,
    "r2": -0.10646295547485352
  }
]