[
  {
    "epoch": 1,
    "train_loss": 0.3022349850487782,
    "rmse": 27.060688018798828,
    "mae": 21.997127532958984,
    "r2": -0.14542770385742188
  },
  {
    "epoch": 2,
    "train_loss": 0.27009166024064507,
    "rmse": 26.950153350830078,
    "mae": 21.656661987304688,
    "r2": -0.13608932495117188
  },
  {
    "epoch": 3,
    "train_loss": 0.2650335760976923,
    "rmse": 27.111143112182617,
    "mae": 21.954553604125977,
    "r2": -0.14970290660858154
  },
  {
    "epoch": 4,
    "train_loss": 0.26234802273252317,
    "rmse": 26.157262802124023,
    "mae": 21.02142333984375,
    "r2": -0.07022380828857422
  },
  {
    "epoch": 5,
    "train_loss": 0.2602607674297771,
    "rmse": 25.848220825195312,
    "mae": 20.5972957611084,
    "r2": -0.045084357261657715
  },
  {
    "epoch": 6,
    "train_loss": 0.25867849700648815,
    "rmse": 25.486644744873047,
    "mae": 19.889251708984375,
    "r2": -0.01605057716369629
  },
  {
    "epoch": 7,
    "train_loss": 0.25743058645745853,
    "rmse": 25.43216896057129,
    "mae": 19.674022674560547,
    "r2": -0.011711835861206055
  },
  {
    "epoch": 8,
    "train_loss": 0.2561075893281761,
    "rmse": 25.29794692993164,
    "mae": 19.366744995117188,
    "r2": -0.001061081886291504
  },
  {
    "epoch": 9,
    "train_loss": 0.25464089006505986,
    "rmse": 25.49007225036621,
    "mae": 19.847871780395508,
    "r2": -0.01632392406463623
  },
  {
    "epoch": 10,
    "train_loss": 0.25354501411425595,
    "rmse": 25.289188385009766,
    "mae": 19.390138626098633,
    "r2": -0.0003681182861328125
  },
  {
    "epoch": 11,
    "train_loss": 0.25206073636214854,
    "rmse": 25.2833309173584,
    "mae": 19.504119873046875,
    "r2": 9.5367431640625e-05
  },
  {
    "epoch": 12,
    "train_loss": 0.2507652840608062,
    "rmse": 25.29299545288086,
    "mae": 19.369129180908203,
    "r2": -0.0006692409515380859
  },
  {
    "epoch": 13,
    "train_loss": 0.24906745879289527,
    "rmse": 25.157848358154297,
    "mae": 18.9052734375,
    "r2": 0.009995877742767334
  },
  {
    "epoch": 14,
    "train_loss": 0.2473908224268504,
    "rmse": 25.187681198120117,
    "mae": 18.821109771728516,
    "r2": 0.007646441459655762
  },
  {
    "epoch": 15,
    "train_loss": 0.24517850612737982,
    "rmse": 25.176637649536133,
    "mae": 18.727685928344727,
    "r2": 0.008516669273376465
  },
  {
    "epoch": 16,
    "train_loss": 0.24312833980721538,
    "rmse": 25.1510009765625,
    "mae": 18.90449333190918,
    "r2": 0.010534703731536865
  },
  {
    "epoch": 17,
    "train_loss": 0.24047161724191413,
    "rmse": 25.11943817138672,
    "mae": 18.816455841064453,
    "r2": 0.01301664113998413
  },
  {
    "epoch": 18,
    "train_loss": 0.23801973596295362,
    "rmse": 25.208450317382812,
    "mae": 18.86919403076172,
    "r2": 0.006009399890899658
  },
  {
    "epoch": 19,
    "train_loss": 0.2348956853757897,
    "rmse": 25.165319442749023,
    "mae": 18.96242904663086,
    "r2": 0.00940781831741333
  },
  {
    "epoch": 20,
    "train_loss": 0.23228786536671234,
    "rmse": 25.131521224975586,
    "mae": 18.8348331451416,
    "r2": 0.012066781520843506
  },
  {
    "epoch": 21,
    "train_loss": 0.22939708237228673,
    "rmse": 25.204483032226562,
    "mae": 18.75303077697754,
    "r2": 0.006322085857391357
  },
  {
    "epoch": 22,
    "train_loss": 0.22682280262433377,
    "rmse": 25.091428756713867,
    "mae": 18.837928771972656,
    "r2": 0.015216469764709473
  },
  {
    "epoch": 23,
    "train_loss": 0.22447757150537223,
    "rmse": 25.115907669067383,
    "mae": 18.752634048461914,
    "r2": 0.013294041156768799
  },
  {
    "epoch": 24,
    "train_loss": 0.22103115488311081,
    "rmse": 25.103525161743164,
    "mae": 18.77512550354004,
    "r2": 0.014266610145568848
  },
  {
    "epoch": 25,
    "train_loss": 0.21879758133805233,
    "rmse": 25.126440048217773,
    "mae": 18.4887752532959,
    "r2": 0.012466192245483398
  },
  {
    "epoch": 26,
    "train_loss": 0.2164705451339468,
    "rmse": 25.209819793701172,
    "mae": 18.51814079284668,
    "r2": 0.005901336669921875
  },
  {
    "epoch": 27,
    "train_loss": 0.2127313397880081,
    "rmse": 25.20539093017578,
    "mae": 18.714557647705078,
    "r2": 0.006250500679016113
  },
  {
    "epoch": 28,
    "train_loss": 0.20989106664566645,
    "rmse": 25.212793350219727,
    "mae": 18.84990882873535,
    "r2": 0.005666792392730713
  },
  {
    "epoch": 29,
    "train_loss": 0.20677243322381988,
    "rmse": 25.160167694091797,
    "mae": 18.849687576293945,
    "r2": 0.009813368320465088
  },
  {
    "epoch": 30,
    "train_loss": 0.2037140271806192,
    "rmse": 25.1873836517334,
    "mae": 18.474140167236328,
    "r2": 0.007669925689697266
  },
  {
    "epoch": 31,
    "train_loss": 0.20102958393669929,
    "rmse": 25.177997589111328,
    "mae": 18.69970703125,
    "r2": 0.008409380912780762
  },
  {
    "epoch": 32,
    "train_loss": 0.1984648813493073,
    "rmse": 25.1927433013916,
    "mae": 18.587127685546875,
    "r2": 0.007247567176818848
  },
  {
    "epoch": 33,
    "train_loss": 0.196125690542501,
    "rmse": 25.278257369995117,
    "mae": 18.275808334350586,
    "r2": 0.0004965662956237793
  },
  {
    "epoch": 34,
    "train_loss": 0.19331145342258205,
    "rmse": 25.288179397583008,
    "mae": 18.52092742919922,
    "r2": -0.00028824806213378906
  },
  {
    "epoch": 35,
    "train_loss": 0.1903619250798616,
    "rmse": 25.26017951965332,
    "mae": 18.454402923583984,
    "r2": 0.0019257068634033203
  },
  {
    "epoch": 36,
    "train_loss": 0.18769159015121212,
    "rmse": 25.192468643188477,
    "mae": 18.474164962768555,
    "r2": 0.0072692036628723145
  },
  {
    "epoch": 37,
    "train_loss": 0.18575618128519727,
    "rmse": 25.205907821655273,
    "mae": 18.467287063598633,
    "r2": 0.0062097907066345215
  },
  {
    "epoch": 38,
    "train_loss": 0.18377404422315646,
    "rmse": 25.29297637939453,
    "mae": 18.465988159179688,
    "r2": -0.0006676912307739258
  },
  {
    "epoch": 39,
    "train_loss": 0.1810391077421762,
    "rmse": 25.28141975402832,
    "mae": 18.78274917602539,
    "r2": 0.0002465248107910156
  },
  {
    "epoch": 40,
    "train_loss": 0.17916104900500468,
    "rmse": 25.247955322265625,
    "mae": 18.78725814819336,
    "r2": 0.0028913021087646484
  },
  {
    "epoch": 41,
    "train_loss": 0.176590375509733,
    "rmse": 25.227834701538086,
    "mae": 18.49360466003418,
    "r2": 0.004480123519897461
  },
  {
    "epoch": 42,
    "train_loss": 0.17457269124316668,
    "rmse": 25.310436248779297,
    "mae": 18.888973236083984,
    "r2": -0.002049684524536133
  },
  {
    "epoch": 43,
    "train_loss": 0.17200132490493858,
    "rmse": 25.407562255859375,
    "mae": 18.69821548461914,
    "r2": -0.009755134582519531
  },
  {
    "epoch": 44,
    "train_loss": 0.17083312208915422,
    "rmse": 25.28511619567871,
    "mae": 18.849279403686523,
    "r2": -4.589557647705078e-05
  },
  {
    "epoch": 45,
    "train_loss": 0.16818159262716953,
    "rmse": 25.327207565307617,
    "mae": 18.689937591552734,
    "r2": -0.0033780336380004883
  },
  {
    "epoch": 46,
    "train_loss": 0.16631935281641838,
    "rmse": 25.392261505126953,
    "mae": 18.616853713989258,
    "r2": -0.008539199829101562
  },
  {
    "epoch": 47,
    "train_loss": 0.16405926040229252,
    "rmse": 25.386388778686523,
    "mae": 18.771377563476562,
    "r2": -0.008072614669799805
  },
  {
    "epoch": 48,
    "train_loss": 0.1629747417333397,
    "rmse": 25.503387451171875,
    "mae": 18.841609954833984,
    "r2": -0.01738595962524414
  },
  {
    "epoch": 49,
    "train_loss": 0.16166023126170534,
    "rmse": 25.44011688232422,
    "mae": 18.9957275390625,
    "r2": -0.01234424114227295
  },
  {
    "epoch": 50,
    "train_loss": 0.15957102622823477,
    "rmse": 25.601417541503906,
    "mae": 19.298845291137695,
    "r2": -0.025222420692443848
  },
  {
    "epoch": 51,
    "train_loss": 0.15765715718338016,
    "rmse": 25.526039123535156,
    "mae": 19.11768341064453,
    "r2": -0.01919412612915039
  },
  {
    "epoch": 52,
    "train_loss": 0.15612882830839675,
    "rmse": 25.427595138549805,
    "mae": 18.719894409179688,
    "r2": -0.01134800910949707
  },
  {
    "epoch": 53,
    "train_loss": 0.15430030366334316,
    "rmse": 25.500411987304688,
    "mae": 19.1794376373291,
    "r2": -0.017148613929748535
  },
  {
    "epoch": 54,
    "train_loss": 0.15250180900779767,
    "rmse": 25.47696304321289,
    "mae": 19.120067596435547,
    "r2": -0.015278816223144531
  },
  {
    "epoch": 55,
    "train_loss": 0.1510634232337238,
    "rmse": 25.64750862121582,
    "mae": 19.344364166259766,
    "r2": -0.02891707420349121
  },
  {
    "epoch": 56,
    "train_loss": 0.14960039296476918,
    "rmse": 25.62058448791504,
    "mae": 19.20013999938965,
    "r2": -0.02675795555114746
  },
  {
    "epoch": 57,
    "train_loss": 0.14822464114311593,
    "rmse": 25.647769927978516,
    "mae": 18.909286499023438,
    "r2": -0.02893805503845215
  },
  {
    "epoch": 58,
    "train_loss": 0.1469471473361261,
    "rmse": 25.80644416809082,
    "mae": 19.277467727661133,
    "r2": -0.04170882701873779
  },
  {
    "epoch": 59,
    "train_loss": 0.14548606321661978,
    "rmse": 25.610584259033203,
    "mae": 19.325956344604492,
    "r2": -0.02595663070678711
  },
  {
    "epoch": 60,
    "train_loss": 0.14401438237342906,
    "rmse": 25.67594337463379,
    "mae": 19.175704956054688,
    "r2": -0.031199932098388672
  },
  {
    "epoch": 61,
    "train_loss": 0.14260849812536805,
    "rmse": 25.700016021728516,
    "mae": 19.217771530151367,
    "r2": -0.0331343412399292
  },
  {
    "epoch": 62,
    "train_loss": 0.141711151764308,
    "rmse": 25.725465774536133,
    "mae": 19.362253189086914,
    "r2": -0.035181522369384766
  },
  {
    "epoch": 63,
    "train_loss": 0.13995621495446714,
    "rmse": 26.099328994750977,
    "mae": 19.84292221069336,
    "r2": -0.06548833847045898
  },
  {
    "epoch": 64,
    "train_loss": 0.13855372636526045,
    "rmse": 25.708906173706055,
    "mae": 19.278165817260742,
    "r2": -0.033849239349365234
  },
  {
    "epoch": 65,
    "train_loss": 0.13746173615213073,
    "rmse": 25.844757080078125,
    "mae": 19.21648597717285,
    "r2": -0.04480421543121338
  },
  {
    "epoch": 66,
    "train_loss": 0.13649860406327846,
    "rmse": 26.08489418029785,
    "mae": 19.378759384155273,
    "r2": -0.06431007385253906
  },
  {
    "epoch": 67,
    "train_loss": 0.1348319910876777,
    "rmse": 25.814382553100586,
    "mae": 19.677263259887695,
    "r2": -0.042349934577941895
  },
  {
    "epoch": 68,
    "train_loss": 0.13391800432886092,
    "rmse": 25.731304168701172,
    "mae": 19.37508201599121,
    "r2": -0.035651326179504395
  },
  {
    "epoch": 69,
    "train_loss": 0.13286736240935704,
    "rmse": 25.86107635498047,
    "mae": 19.712818145751953,
    "r2": -0.04612421989440918
  },
  {
    "epoch": 70,
    "train_loss": 0.13185463881781023,
    "rmse": 25.78774642944336,
    "mae": 19.697982788085938,
    "r2": -0.040199875831604004
  },
  {
    "epoch": 71,
    "train_loss": 0.13043842253909926,
    "rmse": 25.950347900390625,
    "mae": 19.778717041015625,
    "r2": -0.053359031677246094
  },
  {
    "epoch": 72,
    "train_loss": 0.12945890503125318,
    "rmse": 25.95779037475586,
    "mae": 19.819581985473633,
    "r2": -0.053963303565979004
  },
  {
    "epoch": 73,
    "train_loss": 0.1284457402803572,
    "rmse": 25.863605499267578,
    "mae": 19.48008155822754,
    "r2": -0.04632878303527832
  },
  {
    "epoch": 74,
    "train_loss": 0.12756652889570105,
    "rmse": 26.23537826538086,
    "mae": 19.929447174072266,
    "r2": -0.07662558555603027
  },
  {
    "epoch": 75,
    "train_loss": 0.1266427131935275,
    "rmse": 25.985074996948242,
    "mae": 19.805683135986328,
    "r2": -0.05618011951446533
  },
  {
    "epoch": 76,
    "train_loss": 0.12545303126088456,
    "rmse": 25.92290687561035,
    "mae": 19.648221969604492,
    "r2": -0.05113232135772705
  },
  {
    "epoch": 77,
    "train_loss": 0.12468453150393258,
    "rmse": 25.979543685913086,
    "mae": 19.794960021972656,
    "r2": -0.055730462074279785
  },
  {
    "epoch": 78,
    "train_loss": 0.12329768293517648,
    "rmse": 25.9296817779541,
    "mae": 19.73168182373047,
    "r2": -0.05168187618255615
  },
  {
    "epoch": 79,
    "train_loss": 0.12222693888189179,
    "rmse": 25.852230072021484,
    "mae": 19.679433822631836,
    "r2": -0.04540848731994629
  },
  {
    "epoch": 80,
    "train_loss": 0.12150456642477377,
    "rmse": 26.136545181274414,
    "mae": 19.614107131958008,
    "r2": -0.06852924823760986
  },
  {
    "epoch": 81,
    "train_loss": 0.12020274333291507,
    "rmse": 26.064502716064453,
    "mae": 19.476634979248047,
    "r2": -0.06264674663543701
  },
  {
    "epoch": 82,
    "train_loss": 0.11952421952685637,
    "rmse": 26.088468551635742,
    "mae": 19.550222396850586,
    "r2": -0.06460165977478027
  },
  {
    "epoch": 83,
    "train_loss": 0.11868446151102682,
    "rmse": 26.095182418823242,
    "mae": 19.784128189086914,
    "r2": -0.06514978408813477
  },
  {
    "epoch": 84,
    "train_loss": 0.11799278897383521,
    "rmse": 25.91487693786621,
    "mae": 19.692440032958984,
    "r2": -0.050481319427490234
  },
  {
    "epoch": 85,
    "train_loss": 0.11735685026207324,
    "rmse": 26.3526611328125,
    "mae": 19.772079467773438,
    "r2": -0.08627307415008545
  },
  {
    "epoch": 86,
    "train_loss": 0.11634566035899928,
    "rmse": 26.34089469909668,
    "mae": 20.088226318359375,
    "r2": -0.08530318737030029
  },
  {
    "epoch": 87,
    "train_loss": 0.11556579531978718,
    "rmse": 26.112621307373047,
    "mae": 19.56742286682129,
    "r2": -0.06657397747039795
  },
  {
    "epoch": 88,
    "train_loss": 0.11482450902114846,
    "rmse": 26.459657669067383,
    "mae": 20.199848175048828,
    "r2": -0.09511172771453857
  },
  {
    "epoch": 89,
    "train_loss": 0.11396849654515737,
    "rmse": 26.303464889526367,
    "mae": 19.91986656188965,
    "r2": -0.08222103118896484
  },
  {
    "epoch": 90,
    "train_loss": 0.11337058526438533,
    "rmse": 26.16735076904297,
    "mae": 19.77475357055664,
    "r2": -0.07104957103729248
  },
  {
    "epoch": 91,
    "train_loss": 0.112480164892281,
    "rmse": 26.51535415649414,
    "mae": 19.929466247558594,
    "r2": -0.09972703456878662
  },
  {
    "epoch": 92,
    "train_loss": 0.11128876462561606,
    "rmse": 26.336318969726562,
    "mae": 20.08946418762207,
    "r2": -0.08492612838745117
  },
  {
    "epoch": 93,
    "train_loss": 0.11142492726830507,
    "rmse": 26.627079010009766,
    "mae": 20.323596954345703,
    "r2": -0.10901415348052979
  },
  {
    "epoch": 94,
    "train_loss": 0.11046923865710566,
    "rmse": 26.217729568481445,
    "mae": 19.497499465942383,
    "r2": -0.07517766952514648
  },
  {
    "epoch": 95,
    "train_loss": 0.10950898810175828,
    "rmse": 27.57527732849121,
    "mae": 20.760595321655273,
    "r2": -0.18940508365631104
  },
  {
    "epoch": 96,
    "train_loss": 0.10847428014918711,
    "rmse": 26.370182037353516,
    "mae": 20.030351638793945,
    "r2": -0.08771800994873047
  },
  {
    "epoch": 97,
    "train_loss": 0.1081490000062305,
    "rmse": 26.751972198486328,
    "mae": 20.512163162231445,
    "r2": -0.11944210529327393
  },
  {
    "epoch": 98,
    "train_loss": 0.10759786005893458,
    "rmse": 26.439273834228516,
    "mae": 20.104171752929688,
    "r2": -0.09342515468597412
  },
  {
    "epoch": 99,
    "train_loss": 0.10705844427926749,
    "rmse": 26.727724075317383,
    "mae": 20.424837112426758,
    "r2": -0.11741364002227783
  },
  {
    "epoch": 100,
    "train_loss": 0.1063587130407416,
    "rmse": 26.833152770996094,
    "mae": 20.41373062133789,
    "r2": -0.12624633312225342
  }
]