[
  {
    "epoch": 1,
    "train_loss": 2.655773721622155,
    "rmse": 10.335745811462402,
    "mae": 6.872838020324707,
    "r2": 0.7078251242637634
  },
  {
    "epoch": 2,
    "train_loss": 1.7915718522483268,
    "rmse": 9.288287162780762,
    "mae": 5.8034772872924805,
    "r2": 0.7640442848205566
  },
  {
    "epoch": 3,
    "train_loss": 1.6427703446255322,
    "rmse": 9.117369651794434,
    "mae": 5.652459621429443,
    "r2": 0.7726482152938843
  },
  {
    "epoch": 4,
    "train_loss": 1.572468022184562,
    "rmse": 9.263601303100586,
    "mae": 5.840304374694824,
    "r2": 0.7652968168258667
  },
  {
    "epoch": 5,
    "train_loss": 1.530278753627718,
    "rmse": 9.562148094177246,
    "mae": 6.294179916381836,
    "r2": 0.7499250769615173
  },
  {
    "epoch": 6,
    "train_loss": 1.5018140981287027,
    "rmse": 9.137242317199707,
    "mae": 5.705493927001953,
    "r2": 0.7716560363769531
  },
  {
    "epoch": 7,
    "train_loss": 1.4802731964967948,
    "rmse": 9.182806015014648,
    "mae": 5.735278606414795,
    "r2": 0.7693730592727661
  },
  {
    "epoch": 8,
    "train_loss": 1.4636166699296604,
    "rmse": 9.037335395812988,
    "mae": 5.522022247314453,
    "r2": 0.7766222357749939
  },
  {
    "epoch": 9,
    "train_loss": 1.4496030460284874,
    "rmse": 8.957930564880371,
    "mae": 5.475211143493652,
    "r2": 0.7805302739143372
  },
  {
    "epoch": 10,
    "train_loss": 1.437880671986964,
    "rmse": 8.870497703552246,
    "mae": 5.392058849334717,
    "r2": 0.7847936153411865
  },
  {
    "epoch": 11,
    "train_loss": 1.427208538656741,
    "rmse": 8.894575119018555,
    "mae": 5.4185285568237305,
    "r2": 0.7836236953735352
  },
  {
    "epoch": 12,
    "train_loss": 1.4180836417506226,
    "rmse": 8.924772262573242,
    "mae": 5.427995204925537,
    "r2": 0.7821520566940308
  },
  {
    "epoch": 13,
    "train_loss": 1.4099365097495307,
    "rmse": 8.899909019470215,
    "mae": 5.412851333618164,
    "r2": 0.7833641767501831
  },
  {
    "epoch": 14,
    "train_loss": 1.4025997227799576,
    "rmse": 8.852619171142578,
    "mae": 5.367432594299316,
    "r2": 0.7856602668762207
  },
  {
    "epoch": 15,
    "train_loss": 1.3956712875745994,
    "rmse": 8.833559036254883,
    "mae": 5.324838638305664,
    "r2": 0.7865821719169617
  },
  {
    "epoch": 16,
    "train_loss": 1.3894020606063109,
    "rmse": 8.89441204071045,
    "mae": 5.380958557128906,
    "r2": 0.7836316227912903
  },
  {
    "epoch": 17,
    "train_loss": 1.3834776312772152,
    "rmse": 8.900217056274414,
    "mae": 5.390350818634033,
    "r2": 0.7833491563796997
  },
  {
    "epoch": 18,
    "train_loss": 1.3781907719716562,
    "rmse": 8.862527847290039,
    "mae": 5.326176643371582,
    "r2": 0.7851801514625549
  },
  {
    "epoch": 19,
    "train_loss": 1.373131910151085,
    "rmse": 8.858841896057129,
    "mae": 5.331481456756592,
    "r2": 0.7853587865829468
  },
  {
    "epoch": 20,
    "train_loss": 1.3685286053514059,
    "rmse": 8.810331344604492,
    "mae": 5.289249420166016,
    "r2": 0.7877030968666077
  },
  {
    "epoch": 21,
    "train_loss": 1.3639412328469014,
    "rmse": 8.85294246673584,
    "mae": 5.327462196350098,
    "r2": 0.78564453125
  },
  {
    "epoch": 22,
    "train_loss": 1.3597489886315524,
    "rmse": 8.87458610534668,
    "mae": 5.327453136444092,
    "r2": 0.7845951914787292
  },
  {
    "epoch": 23,
    "train_loss": 1.3556875796840253,
    "rmse": 8.879359245300293,
    "mae": 5.327461242675781,
    "r2": 0.7843633890151978
  },
  {
    "epoch": 24,
    "train_loss": 1.3519730099666436,
    "rmse": 8.937721252441406,
    "mae": 5.367677211761475,
    "r2": 0.7815194129943848
  },
  {
    "epoch": 25,
    "train_loss": 1.3484518085169581,
    "rmse": 8.972060203552246,
    "mae": 5.4371490478515625,
    "r2": 0.7798373699188232
  },
  {
    "epoch": 26,
    "train_loss": 1.345027362733288,
    "rmse": 8.952508926391602,
    "mae": 5.404739856719971,
    "r2": 0.7807958722114563
  },
  {
    "epoch": 27,
    "train_loss": 1.3417867864259576,
    "rmse": 8.99141788482666,
    "mae": 5.408566474914551,
    "r2": 0.7788863182067871
  },
  {
    "epoch": 28,
    "train_loss": 1.3388600608680101,
    "rmse": 8.990652084350586,
    "mae": 5.373916149139404,
    "r2": 0.7789239883422852
  },
  {
    "epoch": 29,
    "train_loss": 1.3360302057677667,
    "rmse": 8.989618301391602,
    "mae": 5.409839630126953,
    "r2": 0.7789748311042786
  },
  {
    "epoch": 30,
    "train_loss": 1.3332582749887905,
    "rmse": 9.00536060333252,
    "mae": 5.4053802490234375,
    "r2": 0.7782000303268433
  },
  {
    "epoch": 31,
    "train_loss": 1.3307429889266469,
    "rmse": 9.037242889404297,
    "mae": 5.438259124755859,
    "r2": 0.7766267657279968
  },
  {
    "epoch": 32,
    "train_loss": 1.3283098785750633,
    "rmse": 9.043243408203125,
    "mae": 5.439899444580078,
    "r2": 0.7763299942016602
  },
  {
    "epoch": 33,
    "train_loss": 1.3259389282195968,
    "rmse": 9.086860656738281,
    "mae": 5.484027862548828,
    "r2": 0.7741672396659851
  },
  {
    "epoch": 34,
    "train_loss": 1.3236133326735118,
    "rmse": 9.108111381530762,
    "mae": 5.535991191864014,
    "r2": 0.7731097340583801
  },
  {
    "epoch": 35,
    "train_loss": 1.3214871809150266,
    "rmse": 9.102005958557129,
    "mae": 5.501471996307373,
    "r2": 0.7734137773513794
  },
  {
    "epoch": 36,
    "train_loss": 1.3193051488394232,
    "rmse": 9.209152221679688,
    "mae": 5.5956010818481445,
    "r2": 0.7680478096008301
  },
  {
    "epoch": 37,
    "train_loss": 1.3172718374075087,
    "rmse": 9.153846740722656,
    "mae": 5.541118144989014,
    "r2": 0.7708253860473633
  },
  {
    "epoch": 38,
    "train_loss": 1.3152131373639655,
    "rmse": 9.1768159866333,
    "mae": 5.552917003631592,
    "r2": 0.7696738243103027
  },
  {
    "epoch": 39,
    "train_loss": 1.3133364318218905,
    "rmse": 9.28514289855957,
    "mae": 5.697032928466797,
    "r2": 0.7642040252685547
  },
  {
    "epoch": 40,
    "train_loss": 1.3112590566541242,
    "rmse": 9.156457901000977,
    "mae": 5.489047050476074,
    "r2": 0.7706946134567261
  },
  {
    "epoch": 41,
    "train_loss": 1.3093642098581897,
    "rmse": 9.216568946838379,
    "mae": 5.540576934814453,
    "r2": 0.7676740288734436
  },
  {
    "epoch": 42,
    "train_loss": 1.3074448047617895,
    "rmse": 9.134902000427246,
    "mae": 5.542273998260498,
    "r2": 0.7717730402946472
  },
  {
    "epoch": 43,
    "train_loss": 1.3055749068217994,
    "rmse": 9.17010498046875,
    "mae": 5.544357776641846,
    "r2": 0.7700105905532837
  },
  {
    "epoch": 44,
    "train_loss": 1.3037038631935036,
    "rmse": 9.13619613647461,
    "mae": 5.56497859954834,
    "r2": 0.7717083096504211
  },
  {
    "epoch": 45,
    "train_loss": 1.3018952443668272,
    "rmse": 9.172752380371094,
    "mae": 5.596879959106445,
    "r2": 0.7698777914047241
  },
  {
    "epoch": 46,
    "train_loss": 1.3001832559441042,
    "rmse": 9.150856018066406,
    "mae": 5.5255632400512695,
    "r2": 0.7709751129150391
  },
  {
    "epoch": 47,
    "train_loss": 1.2986781211289684,
    "rmse": 9.183289527893066,
    "mae": 5.59337043762207,
    "r2": 0.7693488001823425
  },
  {
    "epoch": 48,
    "train_loss": 1.2972350589865076,
    "rmse": 9.209856986999512,
    "mae": 5.647925853729248,
    "r2": 0.768012285232544
  },
  {
    "epoch": 49,
    "train_loss": 1.2957323090560668,
    "rmse": 9.125064849853516,
    "mae": 5.5318756103515625,
    "r2": 0.772264301776886
  },
  {
    "epoch": 50,
    "train_loss": 1.2940839150838093,
    "rmse": 9.3379487991333,
    "mae": 5.708444595336914,
    "r2": 0.7615143656730652
  },
  {
    "epoch": 51,
    "train_loss": 1.2927004315156851,
    "rmse": 9.112205505371094,
    "mae": 5.493468761444092,
    "r2": 0.772905707359314
  },
  {
    "epoch": 52,
    "train_loss": 1.2915114006637471,
    "rmse": 9.165322303771973,
    "mae": 5.493773460388184,
    "r2": 0.7702504396438599
  },
  {
    "epoch": 53,
    "train_loss": 1.2900464520649573,
    "rmse": 9.223093032836914,
    "mae": 5.591053485870361,
    "r2": 0.7673449516296387
  },
  {
    "epoch": 54,
    "train_loss": 1.288671497578642,
    "rmse": 9.141458511352539,
    "mae": 5.57633113861084,
    "r2": 0.7714452743530273
  },
  {
    "epoch": 55,
    "train_loss": 1.2874122716288652,
    "rmse": 9.119644165039062,
    "mae": 5.500483989715576,
    "r2": 0.7725347280502319
  },
  {
    "epoch": 56,
    "train_loss": 1.2861617135922465,
    "rmse": 9.26740837097168,
    "mae": 5.63771390914917,
    "r2": 0.7651039361953735
  },
  {
    "epoch": 57,
    "train_loss": 1.2849857022936366,
    "rmse": 9.271605491638184,
    "mae": 5.642196178436279,
    "r2": 0.7648910880088806
  },
  {
    "epoch": 58,
    "train_loss": 1.2836662213754866,
    "rmse": 9.115470886230469,
    "mae": 5.491068363189697,
    "r2": 0.7727428674697876
  },
  {
    "epoch": 59,
    "train_loss": 1.2825002879431817,
    "rmse": 9.099492073059082,
    "mae": 5.504937648773193,
    "r2": 0.7735389471054077
  },
  {
    "epoch": 60,
    "train_loss": 1.2812524081331438,
    "rmse": 9.202025413513184,
    "mae": 5.574382781982422,
    "r2": 0.7684066295623779
  },
  {
    "epoch": 61,
    "train_loss": 1.2800635270444694,
    "rmse": 9.213005065917969,
    "mae": 5.559238433837891,
    "r2": 0.7678536772727966
  },
  {
    "epoch": 62,
    "train_loss": 1.2788865292889882,
    "rmse": 9.146903991699219,
    "mae": 5.5706281661987305,
    "r2": 0.7711728811264038
  },
  {
    "epoch": 63,
    "train_loss": 1.2776872851416072,
    "rmse": 9.0755033493042,
    "mae": 5.443658828735352,
    "r2": 0.7747313976287842
  },
  {
    "epoch": 64,
    "train_loss": 1.2765077882240303,
    "rmse": 9.086755752563477,
    "mae": 5.448318004608154,
    "r2": 0.7741724252700806
  },
  {
    "epoch": 65,
    "train_loss": 1.2753925400629509,
    "rmse": 9.157052040100098,
    "mae": 5.564286708831787,
    "r2": 0.7706648707389832
  },
  {
    "epoch": 66,
    "train_loss": 1.2743269906898516,
    "rmse": 9.10986328125,
    "mae": 5.506458282470703,
    "r2": 0.7730224132537842
  },
  {
    "epoch": 67,
    "train_loss": 1.273307233284005,
    "rmse": 9.111173629760742,
    "mae": 5.52761173248291,
    "r2": 0.7729571461677551
  },
  {
    "epoch": 68,
    "train_loss": 1.2723942346013752,
    "rmse": 9.157398223876953,
    "mae": 5.581462383270264,
    "r2": 0.7706475257873535
  },
  {
    "epoch": 69,
    "train_loss": 1.2714257372559699,
    "rmse": 9.203756332397461,
    "mae": 5.603016376495361,
    "r2": 0.7683194875717163
  },
  {
    "epoch": 70,
    "train_loss": 1.2705278454628666,
    "rmse": 9.211893081665039,
    "mae": 5.619199752807617,
    "r2": 0.7679097056388855
  },
  {
    "epoch": 71,
    "train_loss": 1.2695816434326426,
    "rmse": 9.300119400024414,
    "mae": 5.657415866851807,
    "r2": 0.7634427547454834
  },
  {
    "epoch": 72,
    "train_loss": 1.2687698576170787,
    "rmse": 9.305010795593262,
    "mae": 5.713893413543701,
    "r2": 0.7631938457489014
  },
  {
    "epoch": 73,
    "train_loss": 1.2678851066173706,
    "rmse": 9.163108825683594,
    "mae": 5.521833896636963,
    "r2": 0.7703613638877869
  },
  {
    "epoch": 74,
    "train_loss": 1.2670308323428694,
    "rmse": 9.219736099243164,
    "mae": 5.611433982849121,
    "r2": 0.7675143480300903
  },
  {
    "epoch": 75,
    "train_loss": 1.2662722803322615,
    "rmse": 9.201906204223633,
    "mae": 5.636813640594482,
    "r2": 0.7684126496315002
  },
  {
    "epoch": 76,
    "train_loss": 1.2653779626947588,
    "rmse": 9.248407363891602,
    "mae": 5.694729804992676,
    "r2": 0.7660661339759827
  },
  {
    "epoch": 77,
    "train_loss": 1.2646660519252837,
    "rmse": 9.185495376586914,
    "mae": 5.6870622634887695,
    "r2": 0.7692379355430603
  },
  {
    "epoch": 78,
    "train_loss": 1.26383795659099,
    "rmse": 9.22421646118164,
    "mae": 5.711857795715332,
    "r2": 0.767288327217102
  },
  {
    "epoch": 79,
    "train_loss": 1.2630902212673585,
    "rmse": 9.207843780517578,
    "mae": 5.594311714172363,
    "r2": 0.7681137323379517
  },
  {
    "epoch": 80,
    "train_loss": 1.2622108689187903,
    "rmse": 9.092525482177734,
    "mae": 5.512070655822754,
    "r2": 0.7738856077194214
  },
  {
    "epoch": 81,
    "train_loss": 1.2615976521399168,
    "rmse": 9.221776008605957,
    "mae": 5.608552932739258,
    "r2": 0.767411470413208
  },
  {
    "epoch": 82,
    "train_loss": 1.2608307970308625,
    "rmse": 9.196575164794922,
    "mae": 5.644670486450195,
    "r2": 0.7686809301376343
  },
  {
    "epoch": 83,
    "train_loss": 1.2601710789894636,
    "rmse": 9.269268989562988,
    "mae": 5.644385814666748,
    "r2": 0.7650095820426941
  },
  {
    "epoch": 84,
    "train_loss": 1.2595074459646656,
    "rmse": 9.276664733886719,
    "mae": 5.673763751983643,
    "r2": 0.7646344304084778
  },
  {
    "epoch": 85,
    "train_loss": 1.2587986651906924,
    "rmse": 9.232428550720215,
    "mae": 5.604805946350098,
    "r2": 0.7668737769126892
  },
  {
    "epoch": 86,
    "train_loss": 1.2581129066184558,
    "rmse": 9.148463249206543,
    "mae": 5.551231384277344,
    "r2": 0.7710948586463928
  },
  {
    "epoch": 87,
    "train_loss": 1.2574628686746665,
    "rmse": 9.197869300842285,
    "mae": 5.585082054138184,
    "r2": 0.7686157822608948
  },
  {
    "epoch": 88,
    "train_loss": 1.2568537466030205,
    "rmse": 9.085949897766113,
    "mae": 5.517977714538574,
    "r2": 0.7742125391960144
  },
  {
    "epoch": 89,
    "train_loss": 1.2561717880906258,
    "rmse": 9.245576858520508,
    "mae": 5.632598400115967,
    "r2": 0.7662093043327332
  },
  {
    "epoch": 90,
    "train_loss": 1.2555901200897925,
    "rmse": 9.249258041381836,
    "mae": 5.692732334136963,
    "r2": 0.7660230994224548
  },
  {
    "epoch": 91,
    "train_loss": 1.2549150456896925,
    "rmse": 9.314050674438477,
    "mae": 5.706121921539307,
    "r2": 0.762733519077301
  },
  {
    "epoch": 92,
    "train_loss": 1.2543853034619736,
    "rmse": 9.306085586547852,
    "mae": 5.668140411376953,
    "r2": 0.7631391286849976
  },
  {
    "epoch": 93,
    "train_loss": 1.253760338831792,
    "rmse": 9.300992012023926,
    "mae": 5.645907402038574,
    "r2": 0.7633983492851257
  },
  {
    "epoch": 94,
    "train_loss": 1.2530735632223367,
    "rmse": 9.240099906921387,
    "mae": 5.618016242980957,
    "r2": 0.7664862275123596
  },
  {
    "epoch": 95,
    "train_loss": 1.2525496453310536,
    "rmse": 9.165628433227539,
    "mae": 5.597878456115723,
    "r2": 0.7702350616455078
  },
  {
    "epoch": 96,
    "train_loss": 1.2518697079172176,
    "rmse": 9.174076080322266,
    "mae": 5.572117328643799,
    "r2": 0.7698113918304443
  },
  {
    "epoch": 97,
    "train_loss": 1.2513096834310389,
    "rmse": 9.18795394897461,
    "mae": 5.566834926605225,
    "r2": 0.7691143751144409
  },
  {
    "epoch": 98,
    "train_loss": 1.2507807374264286,
    "rmse": 9.357078552246094,
    "mae": 5.7220306396484375,
    "r2": 0.760536253452301
  },
  {
    "epoch": 99,
    "train_loss": 1.2500701465833504,
    "rmse": 9.325067520141602,
    "mae": 5.753566741943359,
    "r2": 0.7621719241142273
  },
  {
    "epoch": 100,
    "train_loss": 1.2495181592692317,
    "rmse": 9.257111549377441,
    "mae": 5.660917282104492,
    "r2": 0.7656255960464478
  }
]