Blockwise KD training on 7812 images, 16 sequential stages

==================================================
Stage N=1/16
==================================================
  N=1 Epoch  1/15 | Loss: 0.775881
  N=1 Epoch  2/15 | Loss: 0.676822
  N=1 Epoch  3/15 | Loss: 0.651559
  N=1 Epoch  4/15 | Loss: 0.635814
  N=1 Epoch  5/15 | Loss: 0.619518
  N=1 Epoch  6/15 | Loss: 0.616335
  N=1 Epoch  7/15 | Loss: 0.606697
  N=1 Epoch  8/15 | Loss: 0.603426
  N=1 Epoch  9/15 | Loss: 0.599074
  N=1 Epoch 10/15 | Loss: 0.597446
  N=1 Epoch 11/15 | Loss: 0.589249
  N=1 Epoch 12/15 | Loss: 0.583424
  N=1 Epoch 13/15 | Loss: 0.573220
  N=1 Epoch 14/15 | Loss: 0.587231
  N=1 Epoch 15/15 | Loss: 0.581742

==================================================
Stage N=2/16
==================================================
  N=2 Epoch  1/15 | Loss: 1.463835
  N=2 Epoch  2/15 | Loss: 1.131229
  N=2 Epoch  3/15 | Loss: 1.047649
  N=2 Epoch  4/15 | Loss: 0.994234
  N=2 Epoch  5/15 | Loss: 0.969545
  N=2 Epoch  6/15 | Loss: 0.932938
  N=2 Epoch  7/15 | Loss: 0.921477
  N=2 Epoch  8/15 | Loss: 0.894013
  N=2 Epoch  9/15 | Loss: 0.883907
  N=2 Epoch 10/15 | Loss: 0.878991
  N=2 Epoch 11/15 | Loss: 0.875879
  N=2 Epoch 12/15 | Loss: 0.864230
  N=2 Epoch 13/15 | Loss: 0.853767
  N=2 Epoch 14/15 | Loss: 0.833252
  N=2 Epoch 15/15 | Loss: 0.841492

==================================================
Stage N=3/16
==================================================
  N=3 Epoch  1/15 | Loss: 2.299063
  N=3 Epoch  2/15 | Loss: 1.879699
  N=3 Epoch  3/15 | Loss: 1.762155
  N=3 Epoch  4/15 | Loss: 1.691246
  N=3 Epoch  5/15 | Loss: 1.628437
  N=3 Epoch  6/15 | Loss: 1.587822
  N=3 Epoch  7/15 | Loss: 1.553611
  N=3 Epoch  8/15 | Loss: 1.518229
  N=3 Epoch  9/15 | Loss: 1.487336
  N=3 Epoch 10/15 | Loss: 1.464988
  N=3 Epoch 11/15 | Loss: 1.445078
  N=3 Epoch 12/15 | Loss: 1.435980
  N=3 Epoch 13/15 | Loss: 1.420691
  N=3 Epoch 14/15 | Loss: 1.409495
  N=3 Epoch 15/15 | Loss: 1.396024

==================================================
Stage N=4/16
==================================================
  N=4 Epoch  1/15 | Loss: 4.375522
  N=4 Epoch  2/15 | Loss: 3.688140
  N=4 Epoch  3/15 | Loss: 3.466690
  N=4 Epoch  4/15 | Loss: 3.298713
  N=4 Epoch  5/15 | Loss: 3.165588
  N=4 Epoch  6/15 | Loss: 3.054238
  N=4 Epoch  7/15 | Loss: 2.983587
  N=4 Epoch  8/15 | Loss: 2.908303
  N=4 Epoch  9/15 | Loss: 2.839810
  N=4 Epoch 10/15 | Loss: 2.797729
  N=4 Epoch 11/15 | Loss: 2.752401
  N=4 Epoch 12/15 | Loss: 2.727429
  N=4 Epoch 13/15 | Loss: 2.683341
  N=4 Epoch 14/15 | Loss: 2.648552
  N=4 Epoch 15/15 | Loss: 2.635972

==================================================
Stage N=5/16
==================================================
  N=5 Epoch  1/15 | Loss: 7.777658
  N=5 Epoch  2/15 | Loss: 6.917217
  N=5 Epoch  3/15 | Loss: 6.566125
  N=5 Epoch  4/15 | Loss: 6.329551
  N=5 Epoch  5/15 | Loss: 6.121137
  N=5 Epoch  6/15 | Loss: 5.942674
  N=5 Epoch  7/15 | Loss: 5.789606
  N=5 Epoch  8/15 | Loss: 5.672205
  N=5 Epoch  9/15 | Loss: 5.551213
  N=5 Epoch 10/15 | Loss: 5.470520
  N=5 Epoch 11/15 | Loss: 5.407694
  N=5 Epoch 12/15 | Loss: 5.325106
  N=5 Epoch 13/15 | Loss: 5.270253
  N=5 Epoch 14/15 | Loss: 5.221635
  N=5 Epoch 15/15 | Loss: 5.178753

==================================================
Stage N=6/16
==================================================
  N=6 Epoch  1/15 | Loss: 9.156772
  N=6 Epoch  2/15 | Loss: 8.224512
  N=6 Epoch  3/15 | Loss: 7.868110
  N=6 Epoch  4/15 | Loss: 7.623709
  N=6 Epoch  5/15 | Loss: 7.407948
  N=6 Epoch  6/15 | Loss: 7.242405
  N=6 Epoch  7/15 | Loss: 7.099366
  N=6 Epoch  8/15 | Loss: 6.969785
  N=6 Epoch  9/15 | Loss: 6.877712
  N=6 Epoch 10/15 | Loss: 6.756273
  N=6 Epoch 11/15 | Loss: 6.659978
  N=6 Epoch 12/15 | Loss: 6.612105
  N=6 Epoch 13/15 | Loss: 6.539219
  N=6 Epoch 14/15 | Loss: 6.469857
  N=6 Epoch 15/15 | Loss: 6.424919

==================================================
Stage N=7/16
==================================================
  N=7 Epoch  1/15 | Loss: 12.763184
  N=7 Epoch  2/15 | Loss: 11.693828
  N=7 Epoch  3/15 | Loss: 11.307990
  N=7 Epoch  4/15 | Loss: 10.993758
  N=7 Epoch  5/15 | Loss: 10.763726
  N=7 Epoch  6/15 | Loss: 10.562094
  N=7 Epoch  7/15 | Loss: 10.378159
  N=7 Epoch  8/15 | Loss: 10.251174
  N=7 Epoch  9/15 | Loss: 10.104931
  N=7 Epoch 10/15 | Loss: 10.000032
  N=7 Epoch 11/15 | Loss: 9.891502
  N=7 Epoch 12/15 | Loss: 9.803907
  N=7 Epoch 13/15 | Loss: 9.728935
  N=7 Epoch 14/15 | Loss: 9.639229
  N=7 Epoch 15/15 | Loss: 9.558851

==================================================
Stage N=8/16
==================================================
  N=8 Epoch  1/15 | Loss: 13.382143
  N=8 Epoch  2/15 | Loss: 12.152292
  N=8 Epoch  3/15 | Loss: 11.703714
  N=8 Epoch  4/15 | Loss: 11.379184
  N=8 Epoch  5/15 | Loss: 11.085020
  N=8 Epoch  6/15 | Loss: 10.853027
  N=8 Epoch  7/15 | Loss: 10.686100
  N=8 Epoch  8/15 | Loss: 10.499531
  N=8 Epoch  9/15 | Loss: 10.346370
  N=8 Epoch 10/15 | Loss: 10.174061
  N=8 Epoch 11/15 | Loss: 10.091843
  N=8 Epoch 12/15 | Loss: 10.004864
  N=8 Epoch 13/15 | Loss: 9.905419
  N=8 Epoch 14/15 | Loss: 9.843844
  N=8 Epoch 15/15 | Loss: 9.772586

==================================================
Stage N=9/16
==================================================
  N=9 Epoch  1/15 | Loss: 14.708771
  N=9 Epoch  2/15 | Loss: 13.565695
  N=9 Epoch  3/15 | Loss: 13.145333
  N=9 Epoch  4/15 | Loss: 12.838380
  N=9 Epoch  5/15 | Loss: 12.577173
  N=9 Epoch  6/15 | Loss: 12.384137
  N=9 Epoch  7/15 | Loss: 12.185716
  N=9 Epoch  8/15 | Loss: 12.039474
  N=9 Epoch  9/15 | Loss: 11.887356
  N=9 Epoch 10/15 | Loss: 11.799097
  N=9 Epoch 11/15 | Loss: 11.656943
  N=9 Epoch 12/15 | Loss: 11.587315
  N=9 Epoch 13/15 | Loss: 11.521825
  N=9 Epoch 14/15 | Loss: 11.416138
  N=9 Epoch 15/15 | Loss: 11.358888

==================================================
Stage N=10/16
==================================================
  N=10 Epoch  1/15 | Loss: 9.521418
  N=10 Epoch  2/15 | Loss: 8.782175
  N=10 Epoch  3/15 | Loss: 8.481146
  N=10 Epoch  4/15 | Loss: 8.251820
  N=10 Epoch  5/15 | Loss: 8.082322
  N=10 Epoch  6/15 | Loss: 7.939585
  N=10 Epoch  7/15 | Loss: 7.818185
  N=10 Epoch  8/15 | Loss: 7.728922
  N=10 Epoch  9/15 | Loss: 7.639868
  N=10 Epoch 10/15 | Loss: 7.562497
  N=10 Epoch 11/15 | Loss: 7.471799
  N=10 Epoch 12/15 | Loss: 7.414793
  N=10 Epoch 13/15 | Loss: 7.383759
  N=10 Epoch 14/15 | Loss: 7.326246
  N=10 Epoch 15/15 | Loss: 7.291968

==================================================
Stage N=11/16
==================================================
  N=11 Epoch  1/15 | Loss: 6.723229
  N=11 Epoch  2/15 | Loss: 6.154557
  N=11 Epoch  3/15 | Loss: 5.894929
  N=11 Epoch  4/15 | Loss: 5.703120
  N=11 Epoch  5/15 | Loss: 5.537500
  N=11 Epoch  6/15 | Loss: 5.435549
  N=11 Epoch  7/15 | Loss: 5.311807
  N=11 Epoch  8/15 | Loss: 5.229583
  N=11 Epoch  9/15 | Loss: 5.147633
  N=11 Epoch 10/15 | Loss: 5.091619
  N=11 Epoch 11/15 | Loss: 5.043151
  N=11 Epoch 12/15 | Loss: 5.002682
  N=11 Epoch 13/15 | Loss: 4.950544
  N=11 Epoch 14/15 | Loss: 4.924240
  N=11 Epoch 15/15 | Loss: 4.903050

==================================================
Stage N=12/16
==================================================
  N=12 Epoch  1/15 | Loss: 3.786086
  N=12 Epoch  2/15 | Loss: 3.315020
  N=12 Epoch  3/15 | Loss: 3.086981
  N=12 Epoch  4/15 | Loss: 2.919543
  N=12 Epoch  5/15 | Loss: 2.798227
  N=12 Epoch  6/15 | Loss: 2.687018
  N=12 Epoch  7/15 | Loss: 2.595652
  N=12 Epoch  8/15 | Loss: 2.527849
  N=12 Epoch  9/15 | Loss: 2.468143
  N=12 Epoch 10/15 | Loss: 2.416824
  N=12 Epoch 11/15 | Loss: 2.380278
  N=12 Epoch 12/15 | Loss: 2.347927
  N=12 Epoch 13/15 | Loss: 2.326307
  N=12 Epoch 14/15 | Loss: 2.306806
  N=12 Epoch 15/15 | Loss: 2.291604

==================================================
Stage N=13/16
==================================================
  N=13 Epoch  1/15 | Loss: 3.774297
  N=13 Epoch  2/15 | Loss: 3.513152
  N=13 Epoch  3/15 | Loss: 3.424939
  N=13 Epoch  4/15 | Loss: 3.367476
  N=13 Epoch  5/15 | Loss: 3.310730
  N=13 Epoch  6/15 | Loss: 3.266066
  N=13 Epoch  7/15 | Loss: 3.220508
  N=13 Epoch  8/15 | Loss: 3.191328
  N=13 Epoch  9/15 | Loss: 3.162317
  N=13 Epoch 10/15 | Loss: 3.136444
  N=13 Epoch 11/15 | Loss: 3.124379
  N=13 Epoch 12/15 | Loss: 3.099413
  N=13 Epoch 13/15 | Loss: 3.075200
  N=13 Epoch 14/15 | Loss: 3.081290
  N=13 Epoch 15/15 | Loss: 3.055057

==================================================
Stage N=14/16
==================================================
  N=14 Epoch  1/15 | Loss: 2.801488
  N=14 Epoch  2/15 | Loss: 2.518025
  N=14 Epoch  3/15 | Loss: 2.425223
  N=14 Epoch  4/15 | Loss: 2.366066
  N=14 Epoch  5/15 | Loss: 2.312534
  N=14 Epoch  6/15 | Loss: 2.269593
  N=14 Epoch  7/15 | Loss: 2.237131
  N=14 Epoch  8/15 | Loss: 2.214861
  N=14 Epoch  9/15 | Loss: 2.179265
  N=14 Epoch 10/15 | Loss: 2.159028
  N=14 Epoch 11/15 | Loss: 2.142035
  N=14 Epoch 12/15 | Loss: 2.125526
  N=14 Epoch 13/15 | Loss: 2.111466
  N=14 Epoch 14/15 | Loss: 2.107630
  N=14 Epoch 15/15 | Loss: 2.104202

==================================================
Stage N=15/16
==================================================
  N=15 Epoch  1/15 | Loss: 2.348926
  N=15 Epoch  2/15 | Loss: 2.062588
  N=15 Epoch  3/15 | Loss: 1.982362
  N=15 Epoch  4/15 | Loss: 1.931505
  N=15 Epoch  5/15 | Loss: 1.867614
  N=15 Epoch  6/15 | Loss: 1.825998
  N=15 Epoch  7/15 | Loss: 1.793888
  N=15 Epoch  8/15 | Loss: 1.763337
  N=15 Epoch  9/15 | Loss: 1.742648
  N=15 Epoch 10/15 | Loss: 1.730392
  N=15 Epoch 11/15 | Loss: 1.720315
  N=15 Epoch 12/15 | Loss: 1.701334
  N=15 Epoch 13/15 | Loss: 1.686426
  N=15 Epoch 14/15 | Loss: 1.680695
  N=15 Epoch 15/15 | Loss: 1.670638

==================================================
Stage N=16/16
==================================================
  N=16 Epoch  1/15 | Loss: 1.558030
  N=16 Epoch  2/15 | Loss: 1.133366
  N=16 Epoch  3/15 | Loss: 1.031659
  N=16 Epoch  4/15 | Loss: 0.970874
  N=16 Epoch  5/15 | Loss: 0.919956
  N=16 Epoch  6/15 | Loss: 0.892897
  N=16 Epoch  7/15 | Loss: 0.876517
  N=16 Epoch  8/15 | Loss: 0.850348
  N=16 Epoch  9/15 | Loss: 0.836756
  N=16 Epoch 10/15 | Loss: 0.825722
  N=16 Epoch 11/15 | Loss: 0.817486
  N=16 Epoch 12/15 | Loss: 0.813992
  N=16 Epoch 13/15 | Loss: 0.812717
  N=16 Epoch 14/15 | Loss: 0.804276
  N=16 Epoch 15/15 | Loss: 0.797642

Blockwise-distilled student saved: checkpoints/blockwise_kd.pth
