nohup: ignoring input
Waiting for free GPU (>35GB)...
Mon Jun 22 01:58:41 PM IST 2026: No free GPU. Retry in 10 min...
Mon Jun 22 02:08:41 PM IST 2026: No free GPU. Retry in 10 min...
Mon Jun 22 02:18:41 PM IST 2026: No free GPU. Retry in 10 min...
Mon Jun 22 02:28:41 PM IST 2026: No free GPU. Retry in 10 min...
Mon Jun 22 02:38:41 PM IST 2026: No free GPU. Retry in 10 min...
Mon Jun 22 02:48:41 PM IST 2026: No free GPU. Retry in 10 min...
Mon Jun 22 02:58:41 PM IST 2026: No free GPU. Retry in 10 min...
Mon Jun 22 03:08:41 PM IST 2026: No free GPU. Retry in 10 min...
Mon Jun 22 03:18:41 PM IST 2026: No free GPU. Retry in 10 min...
Mon Jun 22 03:28:41 PM IST 2026: No free GPU. Retry in 10 min...
Mon Jun 22 03:38:41 PM IST 2026: No free GPU. Retry in 10 min...
Mon Jun 22 03:48:42 PM IST 2026: No free GPU. Retry in 10 min...
Mon Jun 22 03:58:42 PM IST 2026: No free GPU. Retry in 10 min...
Mon Jun 22 04:08:42 PM IST 2026: No free GPU. Retry in 10 min...
Mon Jun 22 04:18:42 PM IST 2026: No free GPU. Retry in 10 min...
Mon Jun 22 04:28:42 PM IST 2026: No free GPU. Retry in 10 min...
Mon Jun 22 04:38:42 PM IST 2026: No free GPU. Retry in 10 min...
Mon Jun 22 04:48:42 PM IST 2026: No free GPU. Retry in 10 min...
Mon Jun 22 04:58:42 PM IST 2026: No free GPU. Retry in 10 min...
Mon Jun 22 05:08:42 PM IST 2026: No free GPU. Retry in 10 min...
Mon Jun 22 05:18:42 PM IST 2026: No free GPU. Retry in 10 min...
Mon Jun 22 05:28:42 PM IST 2026: No free GPU. Retry in 10 min...
Mon Jun 22 05:38:42 PM IST 2026: No free GPU. Retry in 10 min...
Mon Jun 22 05:48:42 PM IST 2026: No free GPU. Retry in 10 min...
Mon Jun 22 05:58:42 PM IST 2026: No free GPU. Retry in 10 min...
Mon Jun 22 06:08:42 PM IST 2026: No free GPU. Retry in 10 min...
Mon Jun 22 06:18:43 PM IST 2026: No free GPU. Retry in 10 min...
Mon Jun 22 06:28:43 PM IST 2026: No free GPU. Retry in 10 min...
Mon Jun 22 06:38:43 PM IST 2026: No free GPU. Retry in 10 min...
Mon Jun 22 06:48:43 PM IST 2026: No free GPU. Retry in 10 min...
Mon Jun 22 06:58:43 PM IST 2026: No free GPU. Retry in 10 min...
Mon Jun 22 07:08:43 PM IST 2026: No free GPU. Retry in 10 min...
Mon Jun 22 07:18:43 PM IST 2026: No free GPU. Retry in 10 min...
Mon Jun 22 07:28:43 PM IST 2026: No free GPU. Retry in 10 min...
Mon Jun 22 07:38:43 PM IST 2026: No free GPU. Retry in 10 min...
Mon Jun 22 07:48:43 PM IST 2026: No free GPU. Retry in 10 min...
Mon Jun 22 07:58:43 PM IST 2026: No free GPU. Retry in 10 min...
Mon Jun 22 08:08:43 PM IST 2026: No free GPU. Retry in 10 min...
Mon Jun 22 08:18:43 PM IST 2026: No free GPU. Retry in 10 min...
Mon Jun 22 08:28:43 PM IST 2026: No free GPU. Retry in 10 min...
Mon Jun 22 08:38:43 PM IST 2026: No free GPU. Retry in 10 min...
Mon Jun 22 08:48:44 PM IST 2026: No free GPU. Retry in 10 min...
Mon Jun 22 08:58:44 PM IST 2026: No free GPU. Retry in 10 min...
Mon Jun 22 09:08:44 PM IST 2026: No free GPU. Retry in 10 min...
Mon Jun 22 09:18:44 PM IST 2026: No free GPU. Retry in 10 min...
Mon Jun 22 09:28:44 PM IST 2026: No free GPU. Retry in 10 min...
Mon Jun 22 09:38:44 PM IST 2026: No free GPU. Retry in 10 min...
Mon Jun 22 09:48:44 PM IST 2026: No free GPU. Retry in 10 min...
Mon Jun 22 09:58:44 PM IST 2026: No free GPU. Retry in 10 min...
Mon Jun 22 10:08:44 PM IST 2026: No free GPU. Retry in 10 min...
Mon Jun 22 10:18:44 PM IST 2026: No free GPU. Retry in 10 min...
Mon Jun 22 10:28:44 PM IST 2026: No free GPU. Retry in 10 min...
Mon Jun 22 10:38:44 PM IST 2026: No free GPU. Retry in 10 min...
Mon Jun 22 10:48:44 PM IST 2026: No free GPU. Retry in 10 min...
Mon Jun 22 10:58:44 PM IST 2026: No free GPU. Retry in 10 min...
Mon Jun 22 11:08:44 PM IST 2026: No free GPU. Retry in 10 min...
Mon Jun 22 11:18:45 PM IST 2026: No free GPU. Retry in 10 min...
Mon Jun 22 11:28:45 PM IST 2026: No free GPU. Retry in 10 min...
Mon Jun 22 11:38:45 PM IST 2026: No free GPU. Retry in 10 min...
Mon Jun 22 11:48:45 PM IST 2026: No free GPU. Retry in 10 min...
Mon Jun 22 11:58:45 PM IST 2026: No free GPU. Retry in 10 min...
Tue Jun 23 12:08:45 AM IST 2026: No free GPU. Retry in 10 min...
Tue Jun 23 12:18:45 AM IST 2026: No free GPU. Retry in 10 min...
Tue Jun 23 12:28:45 AM IST 2026: No free GPU. Retry in 10 min...
Tue Jun 23 12:38:45 AM IST 2026: No free GPU. Retry in 10 min...
Tue Jun 23 12:48:45 AM IST 2026: No free GPU. Retry in 10 min...
Tue Jun 23 12:58:45 AM IST 2026: No free GPU. Retry in 10 min...
Tue Jun 23 01:08:45 AM IST 2026: No free GPU. Retry in 10 min...
Tue Jun 23 01:18:45 AM IST 2026: No free GPU. Retry in 10 min...
Tue Jun 23 01:28:45 AM IST 2026: No free GPU. Retry in 10 min...
Tue Jun 23 01:38:46 AM IST 2026: No free GPU. Retry in 10 min...
Tue Jun 23 01:48:46 AM IST 2026: No free GPU. Retry in 10 min...
Tue Jun 23 01:58:46 AM IST 2026: No free GPU. Retry in 10 min...
Tue Jun 23 02:08:46 AM IST 2026: No free GPU. Retry in 10 min...
Tue Jun 23 02:18:46 AM IST 2026: No free GPU. Retry in 10 min...
Tue Jun 23 02:28:46 AM IST 2026: No free GPU. Retry in 10 min...
Tue Jun 23 02:38:46 AM IST 2026: No free GPU. Retry in 10 min...
Tue Jun 23 02:48:46 AM IST 2026: No free GPU. Retry in 10 min...
Tue Jun 23 02:58:46 AM IST 2026: No free GPU. Retry in 10 min...
Tue Jun 23 03:08:46 AM IST 2026: No free GPU. Retry in 10 min...
Tue Jun 23 03:18:46 AM IST 2026: No free GPU. Retry in 10 min...
Tue Jun 23 03:28:46 AM IST 2026: No free GPU. Retry in 10 min...
Tue Jun 23 03:38:46 AM IST 2026: No free GPU. Retry in 10 min...
Tue Jun 23 03:48:46 AM IST 2026: No free GPU. Retry in 10 min...
Tue Jun 23 03:58:46 AM IST 2026: No free GPU. Retry in 10 min...
Tue Jun 23 04:08:47 AM IST 2026: No free GPU. Retry in 10 min...
Tue Jun 23 04:18:47 AM IST 2026: No free GPU. Retry in 10 min...
Tue Jun 23 04:28:47 AM IST 2026: No free GPU. Retry in 10 min...
Tue Jun 23 04:38:47 AM IST 2026: No free GPU. Retry in 10 min...
Tue Jun 23 04:48:47 AM IST 2026: No free GPU. Retry in 10 min...
Tue Jun 23 04:58:47 AM IST 2026: No free GPU. Retry in 10 min...
Tue Jun 23 05:08:47 AM IST 2026: No free GPU. Retry in 10 min...
Tue Jun 23 05:18:47 AM IST 2026: No free GPU. Retry in 10 min...
Tue Jun 23 05:28:47 AM IST 2026: No free GPU. Retry in 10 min...
Tue Jun 23 05:38:47 AM IST 2026: No free GPU. Retry in 10 min...
Tue Jun 23 05:48:47 AM IST 2026: No free GPU. Retry in 10 min...
Tue Jun 23 05:58:47 AM IST 2026: No free GPU. Retry in 10 min...
Tue Jun 23 06:08:47 AM IST 2026: No free GPU. Retry in 10 min...
Tue Jun 23 06:18:47 AM IST 2026: No free GPU. Retry in 10 min...
Tue Jun 23 06:28:47 AM IST 2026: No free GPU. Retry in 10 min...
Tue Jun 23 06:38:47 AM IST 2026: No free GPU. Retry in 10 min...
Tue Jun 23 06:48:48 AM IST 2026: No free GPU. Retry in 10 min...
Tue Jun 23 06:58:48 AM IST 2026: No free GPU. Retry in 10 min...
Tue Jun 23 07:08:48 AM IST 2026: No free GPU. Retry in 10 min...
Tue Jun 23 07:18:48 AM IST 2026: No free GPU. Retry in 10 min...
Tue Jun 23 07:28:48 AM IST 2026: No free GPU. Retry in 10 min...
Tue Jun 23 07:38:48 AM IST 2026: No free GPU. Retry in 10 min...
Tue Jun 23 07:48:48 AM IST 2026: No free GPU. Retry in 10 min...
Tue Jun 23 07:58:48 AM IST 2026: No free GPU. Retry in 10 min...
Tue Jun 23 08:08:48 AM IST 2026: No free GPU. Retry in 10 min...
Tue Jun 23 08:18:48 AM IST 2026: No free GPU. Retry in 10 min...
Tue Jun 23 08:28:48 AM IST 2026: No free GPU. Retry in 10 min...
Tue Jun 23 08:38:48 AM IST 2026: No free GPU. Retry in 10 min...
Tue Jun 23 08:48:48 AM IST 2026: No free GPU. Retry in 10 min...
Tue Jun 23 08:58:48 AM IST 2026: No free GPU. Retry in 10 min...
Tue Jun 23 09:08:48 AM IST 2026: No free GPU. Retry in 10 min...
Tue Jun 23 09:18:49 AM IST 2026: No free GPU. Retry in 10 min...
Tue Jun 23 09:28:49 AM IST 2026: No free GPU. Retry in 10 min...
Tue Jun 23 09:38:49 AM IST 2026: No free GPU. Retry in 10 min...
Tue Jun 23 09:48:49 AM IST 2026: No free GPU. Retry in 10 min...
Tue Jun 23 09:58:49 AM IST 2026: No free GPU. Retry in 10 min...
Tue Jun 23 10:08:49 AM IST 2026: No free GPU. Retry in 10 min...
Tue Jun 23 10:18:49 AM IST 2026: No free GPU. Retry in 10 min...
Tue Jun 23 10:28:49 AM IST 2026: No free GPU. Retry in 10 min...
Tue Jun 23 10:38:49 AM IST 2026: No free GPU. Retry in 10 min...
Tue Jun 23 10:48:49 AM IST 2026: No free GPU. Retry in 10 min...
Tue Jun 23 10:58:49 AM IST 2026: No free GPU. Retry in 10 min...
Tue Jun 23 11:08:49 AM IST 2026: No free GPU. Retry in 10 min...
Tue Jun 23 11:18:49 AM IST 2026: No free GPU. Retry in 10 min...
Tue Jun 23 11:28:49 AM IST 2026: No free GPU. Retry in 10 min...
Tue Jun 23 11:38:49 AM IST 2026: No free GPU. Retry in 10 min...
Tue Jun 23 11:48:50 AM IST 2026: No free GPU. Retry in 10 min...
Tue Jun 23 11:58:50 AM IST 2026: No free GPU. Retry in 10 min...
Tue Jun 23 12:08:50 PM IST 2026: No free GPU. Retry in 10 min...
Tue Jun 23 12:18:50 PM IST 2026: Free GPU 0 found! Starting full training...
Training complete!
